Duplicated file found; will not be sent for synthesis: /home/rforelli/CustomLogic_samples/07_fw_sample_subtraction_average_8groups_1000frames_DRAM_RESET/02_coaxlink/ips/axi_dwidth_clk_converter_S128_M512/hdl/generic_baseblocks_v2_1_vl_rfs.v
Duplicated file found; will not be sent for synthesis: /home/rforelli/CustomLogic_samples/07_fw_sample_subtraction_average_8groups_1000frames_DRAM_RESET/02_coaxlink/ips/axi_dwidth_clk_converter_S128_M512/hdl/axi_data_fifo_v2_1_vl_rfs.v
Duplicated file found; will not be sent for synthesis: /home/rforelli/CustomLogic_samples/07_fw_sample_subtraction_average_8groups_1000frames_DRAM_RESET/02_coaxlink/ips/axi_dwidth_clk_converter_S128_M512/hdl/axi_infrastructure_v1_1_0.vh
Duplicated file found; will not be sent for synthesis: /home/rforelli/CustomLogic_samples/07_fw_sample_subtraction_average_8groups_1000frames_DRAM_RESET/02_coaxlink/ips/axi_dwidth_clk_converter_S128_M512/hdl/axi_infrastructure_v1_1_vl_rfs.v
Duplicated file found; will not be sent for synthesis: /home/rforelli/CustomLogic_samples/07_fw_sample_subtraction_average_8groups_1000frames_DRAM_RESET/02_coaxlink/ips/axi_dwidth_clk_converter_S128_M512/hdl/axi_register_slice_v2_1_vl_rfs.v
Duplicated file found; will not be sent for synthesis: /home/rforelli/CustomLogic_samples/07_fw_sample_subtraction_average_8groups_1000frames_DRAM_RESET/02_coaxlink/ips/axi_dwidth_clk_converter_S128_M512/hdl/axi_protocol_converter_v2_1_vl_rfs.v
Duplicated file found; will not be sent for synthesis: /home/rforelli/CustomLogic_samples/07_fw_sample_subtraction_average_8groups_1000frames_DRAM_RESET/02_coaxlink/ips/axi_dwidth_clk_converter_S128_M512/hdl/axi_clock_converter_v2_1_vl_rfs.v
Duplicated file found; will not be sent for synthesis: /home/rforelli/CustomLogic_samples/07_fw_sample_subtraction_average_8groups_1000frames_DRAM_RESET/02_coaxlink/ips/axi_dwidth_clk_converter_S128_M512/hdl/blk_mem_gen_v8_4_vhsyn_rfs.vhd
Duplicated file found; will not be sent for synthesis: /home/rforelli/CustomLogic_samples/07_fw_sample_subtraction_average_8groups_1000frames_DRAM_RESET/02_coaxlink/ips/axi_dwidth_clk_converter_S128_M512/hdl/fifo_generator_v13_2_vhsyn_rfs.vhd
Duplicated file found; will not be sent for synthesis: /home/rforelli/CustomLogic_samples/07_fw_sample_subtraction_average_8groups_1000frames_DRAM_RESET/02_coaxlink/ips/axi_dwidth_clk_converter_S128_M512/hdl/axi_dwidth_converter_v2_1_vlsyn_rfs.v
Duplicated file found; will not be sent for synthesis: /home/rforelli/CustomLogic_samples/07_fw_sample_subtraction_average_8groups_1000frames_DRAM_RESET/02_coaxlink/ips/axi_interconnect_3xS512_M512/hdl/blk_mem_gen_v8_4_vhsyn_rfs.vhd
Duplicated file found; will not be sent for synthesis: /home/rforelli/CustomLogic_samples/07_fw_sample_subtraction_average_8groups_1000frames_DRAM_RESET/02_coaxlink/ips/axi_interconnect_3xS512_M512/hdl/fifo_generator_v13_2_vhsyn_rfs.vhd
Duplicated file found; will not be sent for synthesis: /home/rforelli/CustomLogic_samples/07_fw_sample_subtraction_average_8groups_1000frames_DRAM_RESET/02_coaxlink/ips/EventSignalingBram/hdl/blk_mem_gen_v8_4_vhsyn_rfs.vhd
Duplicated file found; will not be sent for synthesis: /home/rforelli/CustomLogic_samples/07_fw_sample_subtraction_average_8groups_1000frames_DRAM_RESET/02_coaxlink/ips/EventSignalingFifo_ku/hdl/blk_mem_gen_v8_4_vhsyn_rfs.vhd
Duplicated file found; will not be sent for synthesis: /home/rforelli/CustomLogic_samples/07_fw_sample_subtraction_average_8groups_1000frames_DRAM_RESET/02_coaxlink/ips/EventSignalingFifo_ku/hdl/fifo_generator_v13_2_vhsyn_rfs.vhd
Duplicated file found; will not be sent for synthesis: /home/rforelli/CustomLogic_samples/07_fw_sample_subtraction_average_8groups_1000frames_DRAM_RESET/02_coaxlink/ips/ExtIOConfigBram/hdl/blk_mem_gen_v8_4_vhsyn_rfs.vhd
Duplicated file found; will not be sent for synthesis: /home/rforelli/CustomLogic_samples/07_fw_sample_subtraction_average_8groups_1000frames_DRAM_RESET/02_coaxlink/ips/fifo_memento/hdl/blk_mem_gen_v8_4_vhsyn_rfs.vhd
Duplicated file found; will not be sent for synthesis: /home/rforelli/CustomLogic_samples/07_fw_sample_subtraction_average_8groups_1000frames_DRAM_RESET/02_coaxlink/ips/fifo_memento/hdl/fifo_generator_v13_2_vhsyn_rfs.vhd
Duplicated file found; will not be sent for synthesis: /home/rforelli/CustomLogic_samples/07_fw_sample_subtraction_average_8groups_1000frames_DRAM_RESET/02_coaxlink/ips/FrameSizeDwDsp/hdl/xbip_dsp48_wrapper_v3_0_vh_rfs.vhd
Duplicated file found; will not be sent for synthesis: /home/rforelli/CustomLogic_samples/07_fw_sample_subtraction_average_8groups_1000frames_DRAM_RESET/02_coaxlink/ips/FrameSizeDwDsp/hdl/xbip_utils_v3_0_vh_rfs.vhd
Duplicated file found; will not be sent for synthesis: /home/rforelli/CustomLogic_samples/07_fw_sample_subtraction_average_8groups_1000frames_DRAM_RESET/02_coaxlink/ips/FrameSizeDwDsp/hdl/xbip_pipe_v3_0_vh_rfs.vhd
Duplicated file found; will not be sent for synthesis: /home/rforelli/CustomLogic_samples/07_fw_sample_subtraction_average_8groups_1000frames_DRAM_RESET/02_coaxlink/ips/LUT12x8/hdl/blk_mem_gen_v8_4_vhsyn_rfs.vhd
Duplicated file found; will not be sent for synthesis: /home/rforelli/CustomLogic_samples/07_fw_sample_subtraction_average_8groups_1000frames_DRAM_RESET/02_coaxlink/ips/mem_if/bd_0/ip/ip_3/hdl/lmb_v10_v3_0_vh_rfs.vhd
Duplicated file found; will not be sent for synthesis: /home/rforelli/CustomLogic_samples/07_fw_sample_subtraction_average_8groups_1000frames_DRAM_RESET/02_coaxlink/ips/mem_if/bd_0/ip/ip_5/hdl/lmb_bram_if_cntlr_v4_0_vh_rfs.vhd
Duplicated file found; will not be sent for synthesis: /home/rforelli/CustomLogic_samples/07_fw_sample_subtraction_average_8groups_1000frames_DRAM_RESET/02_coaxlink/ips/mem_if/bd_0/ip/ip_6/hdl/blk_mem_gen_v8_4_vhsyn_rfs.vhd
Duplicated file found; will not be sent for synthesis: /home/rforelli/CustomLogic_samples/07_fw_sample_subtraction_average_8groups_1000frames_DRAM_RESET/02_coaxlink/ips/mem_if/bd_0/ip/ip_7/hdl/lmb_bram_if_cntlr_v4_0_vh_rfs.vhd
Duplicated file found; will not be sent for synthesis: /home/rforelli/CustomLogic_samples/07_fw_sample_subtraction_average_8groups_1000frames_DRAM_RESET/02_coaxlink/ips/mem_if/bd_0/ip/ip_8/hdl/lmb_bram_if_cntlr_v4_0_vh_rfs.vhd
Duplicated file found; will not be sent for synthesis: /home/rforelli/CustomLogic_samples/07_fw_sample_subtraction_average_8groups_1000frames_DRAM_RESET/02_coaxlink/ips/mem_if/bd_0/ip/ip_9/hdl/blk_mem_gen_v8_4_vhsyn_rfs.vhd
Duplicated file found; will not be sent for synthesis: /home/rforelli/CustomLogic_samples/07_fw_sample_subtraction_average_8groups_1000frames_DRAM_RESET/02_coaxlink/ips/MultiplierDsp/hdl/xbip_dsp48_wrapper_v3_0_vh_rfs.vhd
Duplicated file found; will not be sent for synthesis: /home/rforelli/CustomLogic_samples/07_fw_sample_subtraction_average_8groups_1000frames_DRAM_RESET/02_coaxlink/ips/MultiplierDsp/hdl/xbip_utils_v3_0_vh_rfs.vhd
Duplicated file found; will not be sent for synthesis: /home/rforelli/CustomLogic_samples/07_fw_sample_subtraction_average_8groups_1000frames_DRAM_RESET/02_coaxlink/ips/MultiplierDsp/hdl/xbip_pipe_v3_0_vh_rfs.vhd
Duplicated file found; will not be sent for synthesis: /home/rforelli/CustomLogic_samples/07_fw_sample_subtraction_average_8groups_1000frames_DRAM_RESET/02_coaxlink/ips/MultiplierDsp/hdl/xbip_dsp48_macro_v3_0_vh_rfs.vhd
Duplicated file found; will not be sent for synthesis: /home/rforelli/CustomLogic_samples/07_fw_sample_subtraction_average_8groups_1000frames_DRAM_RESET/02_coaxlink/ips/PEGBram/hdl/blk_mem_gen_v8_4_vhsyn_rfs.vhd
Duplicated file found; will not be sent for synthesis: /home/rforelli/CustomLogic_samples/07_fw_sample_subtraction_average_8groups_1000frames_DRAM_RESET/02_coaxlink/ips/PEGFifo_ku/hdl/blk_mem_gen_v8_4_vhsyn_rfs.vhd
Duplicated file found; will not be sent for synthesis: /home/rforelli/CustomLogic_samples/07_fw_sample_subtraction_average_8groups_1000frames_DRAM_RESET/02_coaxlink/ips/PEGFifo_ku/hdl/fifo_generator_v13_2_vhsyn_rfs.vhd
Duplicated file found; will not be sent for synthesis: /home/rforelli/CustomLogic_samples/07_fw_sample_subtraction_average_8groups_1000frames_DRAM_RESET/02_coaxlink/ips/PIXO_FIFO_259x1024/hdl/blk_mem_gen_v8_4_vhsyn_rfs.vhd
Duplicated file found; will not be sent for synthesis: /home/rforelli/CustomLogic_samples/07_fw_sample_subtraction_average_8groups_1000frames_DRAM_RESET/02_coaxlink/ips/PIXO_FIFO_259x1024/hdl/fifo_generator_v13_2_vhsyn_rfs.vhd
Duplicated file found; will not be sent for synthesis: /home/rforelli/CustomLogic_samples/07_fw_sample_subtraction_average_8groups_1000frames_DRAM_RESET/02_coaxlink/ips/PoCXP_uBlaze/bd_0/ip/ip_0/hdl/microblaze_v11_0_vh_rfs.vhd
Duplicated file found; will not be sent for synthesis: /home/rforelli/CustomLogic_samples/07_fw_sample_subtraction_average_8groups_1000frames_DRAM_RESET/02_coaxlink/ips/PoCXP_uBlaze/bd_0/ip/ip_1/hdl/lib_cdc_v1_0_rfs.vhd
Duplicated file found; will not be sent for synthesis: /home/rforelli/CustomLogic_samples/07_fw_sample_subtraction_average_8groups_1000frames_DRAM_RESET/02_coaxlink/ips/PoCXP_uBlaze/bd_0/ip/ip_1/hdl/proc_sys_reset_v5_0_vh_rfs.vhd
Duplicated file found; will not be sent for synthesis: /home/rforelli/CustomLogic_samples/07_fw_sample_subtraction_average_8groups_1000frames_DRAM_RESET/02_coaxlink/ips/PoCXP_uBlaze/bd_0/ip/ip_2/hdl/lmb_v10_v3_0_vh_rfs.vhd
Duplicated file found; will not be sent for synthesis: /home/rforelli/CustomLogic_samples/07_fw_sample_subtraction_average_8groups_1000frames_DRAM_RESET/02_coaxlink/ips/PoCXP_uBlaze/bd_0/ip/ip_3/hdl/lmb_v10_v3_0_vh_rfs.vhd
Duplicated file found; will not be sent for synthesis: /home/rforelli/CustomLogic_samples/07_fw_sample_subtraction_average_8groups_1000frames_DRAM_RESET/02_coaxlink/ips/PoCXP_uBlaze/bd_0/ip/ip_4/hdl/lmb_bram_if_cntlr_v4_0_vh_rfs.vhd
Duplicated file found; will not be sent for synthesis: /home/rforelli/CustomLogic_samples/07_fw_sample_subtraction_average_8groups_1000frames_DRAM_RESET/02_coaxlink/ips/PoCXP_uBlaze/bd_0/ip/ip_5/hdl/lmb_bram_if_cntlr_v4_0_vh_rfs.vhd
Duplicated file found; will not be sent for synthesis: /home/rforelli/CustomLogic_samples/07_fw_sample_subtraction_average_8groups_1000frames_DRAM_RESET/02_coaxlink/ips/PoCXP_uBlaze/bd_0/ip/ip_6/hdl/blk_mem_gen_v8_4_vhsyn_rfs.vhd
Duplicated file found; will not be sent for synthesis: /home/rforelli/CustomLogic_samples/07_fw_sample_subtraction_average_8groups_1000frames_DRAM_RESET/02_coaxlink/ips/PoCXP_uBlaze/bd_0/ip/ip_7/hdl/iomodule_v3_1_vh_rfs.vhd
Duplicated file found; will not be sent for synthesis: /home/rforelli/CustomLogic_samples/07_fw_sample_subtraction_average_8groups_1000frames_DRAM_RESET/02_coaxlink/ips/reg2mem_rddwc/hdl/generic_baseblocks_v2_1_vl_rfs.v
Duplicated file found; will not be sent for synthesis: /home/rforelli/CustomLogic_samples/07_fw_sample_subtraction_average_8groups_1000frames_DRAM_RESET/02_coaxlink/ips/reg2mem_rddwc/hdl/axi_data_fifo_v2_1_vl_rfs.v
Duplicated file found; will not be sent for synthesis: /home/rforelli/CustomLogic_samples/07_fw_sample_subtraction_average_8groups_1000frames_DRAM_RESET/02_coaxlink/ips/reg2mem_rddwc/hdl/axi_infrastructure_v1_1_0.vh
Duplicated file found; will not be sent for synthesis: /home/rforelli/CustomLogic_samples/07_fw_sample_subtraction_average_8groups_1000frames_DRAM_RESET/02_coaxlink/ips/reg2mem_rddwc/hdl/axi_infrastructure_v1_1_vl_rfs.v
Duplicated file found; will not be sent for synthesis: /home/rforelli/CustomLogic_samples/07_fw_sample_subtraction_average_8groups_1000frames_DRAM_RESET/02_coaxlink/ips/reg2mem_rddwc/hdl/axi_register_slice_v2_1_vl_rfs.v
Duplicated file found; will not be sent for synthesis: /home/rforelli/CustomLogic_samples/07_fw_sample_subtraction_average_8groups_1000frames_DRAM_RESET/02_coaxlink/ips/reg2mem_rddwc/hdl/axi_protocol_converter_v2_1_vl_rfs.v
Duplicated file found; will not be sent for synthesis: /home/rforelli/CustomLogic_samples/07_fw_sample_subtraction_average_8groups_1000frames_DRAM_RESET/02_coaxlink/ips/reg2mem_rddwc/hdl/axi_clock_converter_v2_1_vl_rfs.v
Duplicated file found; will not be sent for synthesis: /home/rforelli/CustomLogic_samples/07_fw_sample_subtraction_average_8groups_1000frames_DRAM_RESET/02_coaxlink/ips/reg2mem_rddwc/hdl/blk_mem_gen_v8_4_vhsyn_rfs.vhd
Duplicated file found; will not be sent for synthesis: /home/rforelli/CustomLogic_samples/07_fw_sample_subtraction_average_8groups_1000frames_DRAM_RESET/02_coaxlink/ips/reg2mem_rddwc/hdl/fifo_generator_v13_2_vhsyn_rfs.vhd
Duplicated file found; will not be sent for synthesis: /home/rforelli/CustomLogic_samples/07_fw_sample_subtraction_average_8groups_1000frames_DRAM_RESET/02_coaxlink/ips/reg2mem_rddwc/hdl/axi_dwidth_converter_v2_1_vlsyn_rfs.v
Duplicated file found; will not be sent for synthesis: /home/rforelli/CustomLogic_samples/07_fw_sample_subtraction_average_8groups_1000frames_DRAM_RESET/02_coaxlink/ips/reg2mem_rdfifo/hdl/blk_mem_gen_v8_4_vhsyn_rfs.vhd
Duplicated file found; will not be sent for synthesis: /home/rforelli/CustomLogic_samples/07_fw_sample_subtraction_average_8groups_1000frames_DRAM_RESET/02_coaxlink/ips/reg2mem_rdfifo/hdl/fifo_generator_v13_2_vhsyn_rfs.vhd
Duplicated file found; will not be sent for synthesis: /home/rforelli/CustomLogic_samples/07_fw_sample_subtraction_average_8groups_1000frames_DRAM_RESET/02_coaxlink/ips/reg2mem_wrdwc/hdl/generic_baseblocks_v2_1_vl_rfs.v
Duplicated file found; will not be sent for synthesis: /home/rforelli/CustomLogic_samples/07_fw_sample_subtraction_average_8groups_1000frames_DRAM_RESET/02_coaxlink/ips/reg2mem_wrdwc/hdl/axi_data_fifo_v2_1_vl_rfs.v
Duplicated file found; will not be sent for synthesis: /home/rforelli/CustomLogic_samples/07_fw_sample_subtraction_average_8groups_1000frames_DRAM_RESET/02_coaxlink/ips/reg2mem_wrdwc/hdl/axi_infrastructure_v1_1_0.vh
Duplicated file found; will not be sent for synthesis: /home/rforelli/CustomLogic_samples/07_fw_sample_subtraction_average_8groups_1000frames_DRAM_RESET/02_coaxlink/ips/reg2mem_wrdwc/hdl/axi_infrastructure_v1_1_vl_rfs.v
Duplicated file found; will not be sent for synthesis: /home/rforelli/CustomLogic_samples/07_fw_sample_subtraction_average_8groups_1000frames_DRAM_RESET/02_coaxlink/ips/reg2mem_wrdwc/hdl/axi_register_slice_v2_1_vl_rfs.v
Duplicated file found; will not be sent for synthesis: /home/rforelli/CustomLogic_samples/07_fw_sample_subtraction_average_8groups_1000frames_DRAM_RESET/02_coaxlink/ips/reg2mem_wrdwc/hdl/axi_protocol_converter_v2_1_vl_rfs.v
Duplicated file found; will not be sent for synthesis: /home/rforelli/CustomLogic_samples/07_fw_sample_subtraction_average_8groups_1000frames_DRAM_RESET/02_coaxlink/ips/reg2mem_wrdwc/hdl/axi_clock_converter_v2_1_vl_rfs.v
Duplicated file found; will not be sent for synthesis: /home/rforelli/CustomLogic_samples/07_fw_sample_subtraction_average_8groups_1000frames_DRAM_RESET/02_coaxlink/ips/reg2mem_wrdwc/hdl/blk_mem_gen_v8_4_vhsyn_rfs.vhd
Duplicated file found; will not be sent for synthesis: /home/rforelli/CustomLogic_samples/07_fw_sample_subtraction_average_8groups_1000frames_DRAM_RESET/02_coaxlink/ips/reg2mem_wrdwc/hdl/fifo_generator_v13_2_vhsyn_rfs.vhd
Duplicated file found; will not be sent for synthesis: /home/rforelli/CustomLogic_samples/07_fw_sample_subtraction_average_8groups_1000frames_DRAM_RESET/02_coaxlink/ips/reg2mem_wrdwc/hdl/axi_dwidth_converter_v2_1_vlsyn_rfs.v
Duplicated file found; will not be sent for synthesis: /home/rforelli/CustomLogic_samples/07_fw_sample_subtraction_average_8groups_1000frames_DRAM_RESET/02_coaxlink/ips/reg2mem_wrfifo/hdl/blk_mem_gen_v8_4_vhsyn_rfs.vhd
Duplicated file found; will not be sent for synthesis: /home/rforelli/CustomLogic_samples/07_fw_sample_subtraction_average_8groups_1000frames_DRAM_RESET/02_coaxlink/ips/reg2mem_wrfifo/hdl/fifo_generator_v13_2_vhsyn_rfs.vhd
Duplicated file found; will not be sent for synthesis: /home/rforelli/CustomLogic_samples/07_fw_sample_subtraction_average_8groups_1000frames_DRAM_RESET/02_coaxlink/ips/sin_fifo_134bx4k/hdl/blk_mem_gen_v8_4_vhsyn_rfs.vhd
Duplicated file found; will not be sent for synthesis: /home/rforelli/CustomLogic_samples/07_fw_sample_subtraction_average_8groups_1000frames_DRAM_RESET/02_coaxlink/ips/sin_fifo_134bx4k/hdl/fifo_generator_v13_2_vhsyn_rfs.vhd
Duplicated file found; will not be sent for synthesis: /home/rforelli/CustomLogic_samples/07_fw_sample_subtraction_average_8groups_1000frames_DRAM_RESET/02_coaxlink/ips/sout_fifo/hdl/blk_mem_gen_v8_4_vhsyn_rfs.vhd
Duplicated file found; will not be sent for synthesis: /home/rforelli/CustomLogic_samples/07_fw_sample_subtraction_average_8groups_1000frames_DRAM_RESET/02_coaxlink/ips/sout_fifo/hdl/fifo_generator_v13_2_vhsyn_rfs.vhd
Duplicated file found; will not be sent for synthesis: /home/rforelli/CustomLogic_samples/07_fw_sample_subtraction_average_8groups_1000frames_DRAM_RESET/02_coaxlink/ips/TimingMachineProg_BRAM_72x512/hdl/blk_mem_gen_v8_4_vhsyn_rfs.vhd
Duplicated file found; will not be sent for synthesis: /home/rforelli/CustomLogic_samples/07_fw_sample_subtraction_average_8groups_1000frames_DRAM_RESET/02_coaxlink/ips/WrAxiAddrFifo/hdl/blk_mem_gen_v8_4_vhsyn_rfs.vhd
Duplicated file found; will not be sent for synthesis: /home/rforelli/CustomLogic_samples/07_fw_sample_subtraction_average_8groups_1000frames_DRAM_RESET/02_coaxlink/ips/WrAxiAddrFifo/hdl/fifo_generator_v13_2_vhsyn_rfs.vhd
Duplicated file found; will not be sent for synthesis: /home/rforelli/CustomLogic_samples/07_fw_sample_subtraction_average_8groups_1000frames_DRAM_RESET/04_ref_design/lut_bram_8x256/hdl/blk_mem_gen_v8_4_vhsyn_rfs.vhd
CRC performance measure: elapsed=00:00:03s;;memory_peak=4337.285MB;;memory_gain=0.000MB
