CustomLogicTop: axi_dwidth_clk_converter_S128_M512, ddr4_v2_2_6_cal_pi__GB1, ddr4_v2_2_6_cal_pi__GB3, ddr4_v2_2_6_cal_addr_decode__GB1, mem_if_ddr4__GC0, ddr4_v2_2_6_cal_addr_decode__GB2, ddr4_v2_2_6_cal_addr_decode__GB0, CoaxlinkCore__GCB3, PoCXP_uBlaze_wrapper__GC0, ddr4_v2_2_6_mc__GB0, CoaxlinkCore__GCB2, mem_if_wrapper__GCB1, ddr4_phy_v2_2_0_pll__GC0, pcie_wrapper__GC0, CustomLogic, CoaxlinkCore__GCB1, mem_if_phy_ddr4__GC0, CoaxlinkCore__GCB0, ddr4_v2_2_6_cal_pi__GB2, ddr4_v2_2_6_cal_pi__GB4, target_interface__GB0, ddr4_v2_2_6_mc__GB1, mem_if_wrapper__GCB0, target_interface__GB1, clk_wiz_1_clk_wiz__GC0, ddr4_v2_2_6_cal__GC0, mem_if_ddr4_mem_intfc__GC0, ddr4_v2_2_6_cal_top__GC0, ddr4_v2_2_6_cal_pi__GB0, 
PoCXP_uBlaze_wrapper: PoCXP_uBlaze_wrapper__GC0, 
target_interface: target_interface__GB1, target_interface__GB0, 
pcie_wrapper: pcie_wrapper__GC0, 
ddr4_phy_v2_2_0_pll: ddr4_phy_v2_2_0_pll__GC0, 
mem_if_phy_ddr4: mem_if_phy_ddr4__GC0, ddr4_phy_v2_2_0_pll__GC0, 
mem_if_phy: mem_if_phy_ddr4__GC0, ddr4_phy_v2_2_0_pll__GC0, 
clk_wiz_1_clk_wiz: clk_wiz_1_clk_wiz__GC0, 
mem_if_wrapper: ddr4_v2_2_6_cal_pi__GB1, ddr4_v2_2_6_cal_pi__GB3, axi_dwidth_clk_converter_S128_M512, ddr4_v2_2_6_cal_addr_decode__GB1, mem_if_ddr4__GC0, ddr4_v2_2_6_cal_addr_decode__GB2, ddr4_v2_2_6_cal_addr_decode__GB0, ddr4_v2_2_6_mc__GB0, mem_if_wrapper__GCB1, ddr4_phy_v2_2_0_pll__GC0, mem_if_phy_ddr4__GC0, ddr4_v2_2_6_cal_pi__GB2, ddr4_v2_2_6_cal_pi__GB4, ddr4_v2_2_6_mc__GB1, mem_if_wrapper__GCB0, ddr4_v2_2_6_cal__GC0, mem_if_ddr4_mem_intfc__GC0, ddr4_v2_2_6_cal_pi__GB0, ddr4_v2_2_6_cal_top__GC0, 
ddr4_v2_2_6_cal_pi: ddr4_v2_2_6_cal_pi__GB4, ddr4_v2_2_6_cal_pi__GB3, ddr4_v2_2_6_cal_pi__GB2, ddr4_v2_2_6_cal_pi__GB1, ddr4_v2_2_6_cal_pi__GB0, 
ddr4_phy_v2_2_0_iob_byte__parameterized2: 
ddr4_phy_v2_2_0_iob_byte__parameterized1: 
CoaxlinkCore: axi_dwidth_clk_converter_S128_M512, ddr4_v2_2_6_cal_pi__GB1, ddr4_v2_2_6_cal_pi__GB3, ddr4_v2_2_6_cal_addr_decode__GB1, mem_if_ddr4__GC0, ddr4_v2_2_6_cal_addr_decode__GB2, ddr4_v2_2_6_cal_addr_decode__GB0, CoaxlinkCore__GCB3, PoCXP_uBlaze_wrapper__GC0, ddr4_v2_2_6_mc__GB0, CoaxlinkCore__GCB2, mem_if_wrapper__GCB1, ddr4_phy_v2_2_0_pll__GC0, pcie_wrapper__GC0, CoaxlinkCore__GCB1, mem_if_phy_ddr4__GC0, CoaxlinkCore__GCB0, ddr4_v2_2_6_cal_pi__GB2, ddr4_v2_2_6_cal_pi__GB4, target_interface__GB0, ddr4_v2_2_6_mc__GB1, mem_if_wrapper__GCB0, target_interface__GB1, clk_wiz_1_clk_wiz__GC0, ddr4_v2_2_6_cal__GC0, mem_if_ddr4_mem_intfc__GC0, ddr4_v2_2_6_cal_top__GC0, ddr4_v2_2_6_cal_pi__GB0, 
ddr4_phy_v2_2_0_iob_byte__parameterized0: 
mem_if_ddr4_mem_intfc: ddr4_v2_2_6_cal_top__GC0, ddr4_v2_2_6_cal_pi__GB4, ddr4_v2_2_6_mc__GB0, ddr4_v2_2_6_cal_addr_decode__GB1, ddr4_v2_2_6_mc__GB1, ddr4_v2_2_6_cal__GC0, ddr4_v2_2_6_cal_pi__GB2, mem_if_phy_ddr4__GC0, ddr4_v2_2_6_cal_addr_decode__GB2, ddr4_v2_2_6_cal_pi__GB0, ddr4_phy_v2_2_0_pll__GC0, mem_if_ddr4_mem_intfc__GC0, ddr4_v2_2_6_cal_pi__GB3, ddr4_v2_2_6_cal_addr_decode__GB0, ddr4_v2_2_6_cal_pi__GB1, 
ddr4_v2_2_6_cal_addr_decode: ddr4_v2_2_6_cal_addr_decode__GB2, ddr4_v2_2_6_cal_addr_decode__GB1, ddr4_v2_2_6_cal_addr_decode__GB0, 
ddr4_v2_2_6_mc: ddr4_v2_2_6_mc__GB1, ddr4_v2_2_6_mc__GB0, 
ddr4_phy_v2_2_0_iob_byte: 
mem_if: ddr4_v2_2_6_cal_top__GC0, ddr4_v2_2_6_cal_pi__GB4, ddr4_v2_2_6_mc__GB0, ddr4_v2_2_6_cal_addr_decode__GB1, ddr4_v2_2_6_mc__GB1, ddr4_v2_2_6_cal__GC0, ddr4_v2_2_6_cal_pi__GB2, mem_if_phy_ddr4__GC0, ddr4_v2_2_6_cal_addr_decode__GB2, ddr4_v2_2_6_cal_pi__GB0, ddr4_phy_v2_2_0_pll__GC0, mem_if_ddr4_mem_intfc__GC0, mem_if_ddr4__GC0, ddr4_v2_2_6_cal_pi__GB3, ddr4_v2_2_6_cal_addr_decode__GB0, ddr4_v2_2_6_cal_pi__GB1, 
ddr4_v2_2_6_cal_top: ddr4_v2_2_6_cal_pi__GB4, ddr4_v2_2_6_cal_top__GC0, ddr4_v2_2_6_cal_addr_decode__GB1, ddr4_v2_2_6_cal__GC0, ddr4_v2_2_6_cal_addr_decode__GB2, ddr4_v2_2_6_cal_pi__GB2, ddr4_v2_2_6_cal_pi__GB0, ddr4_v2_2_6_cal_addr_decode__GB0, ddr4_v2_2_6_cal_pi__GB1, ddr4_v2_2_6_cal_pi__GB3, 
ddr4_v2_2_6_cal: ddr4_v2_2_6_cal__GC0, ddr4_v2_2_6_cal_addr_decode__GB2, ddr4_v2_2_6_cal_addr_decode__GB1, ddr4_v2_2_6_cal_addr_decode__GB0, 
mem_if_ddr4: ddr4_v2_2_6_cal_top__GC0, ddr4_v2_2_6_cal_pi__GB4, ddr4_v2_2_6_mc__GB0, ddr4_v2_2_6_cal_addr_decode__GB1, ddr4_v2_2_6_mc__GB1, ddr4_v2_2_6_cal__GC0, ddr4_v2_2_6_cal_pi__GB2, mem_if_phy_ddr4__GC0, ddr4_v2_2_6_cal_addr_decode__GB2, ddr4_v2_2_6_cal_pi__GB0, ddr4_phy_v2_2_0_pll__GC0, mem_if_ddr4_mem_intfc__GC0, mem_if_ddr4__GC0, ddr4_v2_2_6_cal_pi__GB3, ddr4_v2_2_6_cal_addr_decode__GB0, ddr4_v2_2_6_cal_pi__GB1, 
clk_wiz_1: clk_wiz_1_clk_wiz__GC0, 
ddr4_phy_v2_2_0_iob: 
