/iCoaxlinkCore/iMemInterface/iMemoryInterface/inst/u_ddr4_mem_intfc/u_ddr_cal_top/u_ddr_mc_pi/ddr4_v2_2_6_cal_pi__GB1:1404358445
/iCoaxlinkCore/iMemInterface/iMemoryInterface/inst/u_ddr4_mem_intfc/u_mig_ddr4_phy/inst/u_ddr4_phy_pll/ddr4_phy_v2_2_0_pll__GC0:3572815181
/iCoaxlinkCore/iTargetInterface/target_interface__GB0:639456295
/iCoaxlinkCore/CoaxlinkCore__GCB3:3471087292
/iCoaxlinkCore/CoaxlinkCore__GCB0:1475200774
/iCoaxlinkCore/iMemInterface/iMemoryInterface/inst/u_ddr4_mem_intfc/mem_if_ddr4_mem_intfc__GC0:1806183809
/iCustomLogic:3484921752
/iCoaxlinkCore/iMemInterface/iMemoryInterface/inst/u_ddr4_mem_intfc/u_ddr_cal_top/u_ddr_mc_pi/ddr4_v2_2_6_cal_pi__GB4:601766818
/iCoaxlinkCore/iMemInterface/iMemoryInterface/inst/u_ddr4_mem_intfc/u_ddr_cal_top/u_ddr_mc_pi/ddr4_v2_2_6_cal_pi__GB2:3401424535
/iCoaxlinkCore/iMemInterface/iMemoryInterface/inst/u_ddr4_mem_intfc/u_ddr_cal_top/u_ddr_mc_pi/ddr4_v2_2_6_cal_pi__GB0:615776187
/iCoaxlinkCore/iMemInterface/iMemoryInterface/inst/u_ddr4_mem_intfc/u_ddr_mc/ddr4_v2_2_6_mc__GB1:2181333663
/iCoaxlinkCore/iMemInterface/mem_if_wrapper__GCB1:1975338552
/iCoaxlinkCore/iMemInterface/iMemoryInterface/inst/u_ddr4_mem_intfc/u_ddr_cal_top/ddr4_v2_2_6_cal_top__GC0:777526615
/iCoaxlinkCore/iTargetInterface/target_interface__GB1:1360684209
/iCoaxlinkCore/iPoCXP_uBlaze/PoCXP_uBlaze_wrapper__GC0:3957245709
/iCoaxlinkCore/iMemInterface/iMemoryInterface/inst/mem_if_ddr4__GC0:3977690979
/iCoaxlinkCore/iMemInterface/iMemoryInterface/inst/u_ddr4_mem_intfc/u_ddr_cal_top/u_ddr_cal/ddr4_v2_2_6_cal__GC0:444433793
/iCoaxlinkCore/iClockNetwork/inst/clk_wiz_1_clk_wiz__GC0:1718239956
/iCoaxlinkCore/iMemInterface/iMemoryInterface/inst/u_ddr4_mem_intfc/u_ddr_cal_top/u_ddr_cal/u_ddr_cal_addr_decode/ddr4_v2_2_6_cal_addr_decode__GB1:2627882017
/iCoaxlinkCore/iMemInterface/iMemoryInterface/inst/u_ddr4_mem_intfc/u_ddr_mc/ddr4_v2_2_6_mc__GB0:4110660105
/iCoaxlinkCore/iMemInterface/mem_if_wrapper__GCB0:45774510
/iCoaxlinkCore/iMemInterface/iMemoryInterface/inst/u_ddr4_mem_intfc/u_ddr_cal_top/u_ddr_cal/u_ddr_cal_addr_decode/ddr4_v2_2_6_cal_addr_decode__GB0:3953491127
/iCoaxlinkCore/CoaxlinkCore__GCB1:552269712
/iCoaxlinkCore/iMemInterface/iMemoryInterface/inst/u_ddr4_mem_intfc/u_ddr_cal_top/u_ddr_cal/u_ddr_cal_addr_decode/ddr4_v2_2_6_cal_addr_decode__GB2:95100315
/iCoaxlinkCore/iMemInterface/iMemoryInterface/inst/u_ddr4_mem_intfc/u_ddr_cal_top/u_ddr_mc_pi/ddr4_v2_2_6_cal_pi__GB3:3183128065
/iCoaxlinkCore/CoaxlinkCore__GCB2:3118704170
/iCoaxlinkCore/iMemInterface/iAxiDataWidthConverter_2:2760536740
/iCoaxlinkCore/iPcieWrapper/pcie_wrapper__GC0:88200764
/iCoaxlinkCore/iMemInterface/iMemoryInterface/inst/u_ddr4_mem_intfc/u_mig_ddr4_phy/inst/mem_if_phy_ddr4__GC0:3884909103
